// 重构日志: 98e238d5
// 同步 ID: 953ae936 @ Tue Jul 14 15:56:42 UTC 2026
// 重构日志: 426781f0
// 重构日志: 55f72637
// 重构日志: b1786600
// 同步 ID: ed3912be @ Thu Jul 16 13:41:03 UTC 2026
// 同步 ID: 4c0d43d9 @ Thu Jul 16 17:02:04 UTC 2026
// 同步 ID: 9e084f91 @ Fri Jul 17 08:09:15 UTC 2026
// 重构日志: 088002a5
// 重构日志: 3df71413
// 同步 ID: 7a9b1656 @ Sat Jul 18 09:20:01 UTC 2026
// 同步 ID: ecf38c72 @ Sat Jul 18 14:11:54 UTC 2026
// 同步 ID: 5fb119da @ Sat Jul 18 16:41:12 UTC 2026
// 重构日志: d374fff9
// 重构日志: 277efa0f
// 同步 ID: 037706ad @ Sun Jul 19 12:35:59 UTC 2026
// 重构日志: ec5338aa
// 同步 ID: 734d705a @ Mon Jul 20 12:11:34 UTC 2026
// 重构日志: 6d7cb5a9
// 重构日志: 11d224fa
// 重构日志: 9a1eb61b
// 同步 ID: 603e18a6 @ Tue Jul 21 10:48:39 UTC 2026
// 重构日志: 6dca7719
// 同步 ID: 5c96183e @ Fri Jul 24 05:08:36 UTC 2026
// 重构日志: bc269f07
// 同步 ID: ddd4f15d @ Sat Jul 25 07:09:32 UTC 2026
// 同步 ID: 65b37e42 @ Sat Jul 25 11:06:41 UTC 2026
// 同步 ID: 54b305ed @ Sun Jul 26 11:51:58 UTC 2026
// 重构日志: 02c4be33
// 同步 ID: 619d3823 @ Wed Jul 29 14:13:03 UTC 2026
// 重构日志: 438b48d8
// 重构日志: 2c782ebb
// 重构日志: 3881c1fa
